[Region: us-west1]
INFO No package manager inferred, using npm default
 
 
╭─────────────────╮
│ Railpack 0.23.0 │
╰─────────────────╯
 
↳ Detected Php
↳ Found Laravel app
↳ Installing Node
↳ Pruning node dependencies
 
Packages
──────────
php   │  8.2.30   │  composer.json > require > php (8.2)
node  │  22.22.2  │  railpack default (22)
 
Steps
──────────
▸ prepare
$ mkdir -p /usr/local/etc/php/conf.d
$ mkdir -p /conf.d/
 
▸ extensions
$ install-php-extensions ctype curl dom fileinfo filter hash mbstring openssl pcre pdo session tokenizer xml
 
▸ install:composer
$ composer install --optimize-autoloader --no-scripts --no-interaction
 
▸ install:node
$ npm ci
 
▸ prune:node
$ npm prune --omit=dev --ignore-scripts
 
▸ build
$ npm run build
$ mkdir -p storage/framework/{sessions,views,cache,testing} storage/logs bootstrap/cache && chmod -R a+rw storage
$ php artisan config:cache
$ php artisan event:cache
$ php artisan route:cache
$ php artisan view:cache
 
Deploy
──────────
$ /start-container.sh
 
 
Successfully prepared Railpack plan for build
 
 
context: v5q6-YPr_

load build definition from railpack-plan.json
0ms

docker-image://docker.io/library/composer:latest
751ms

docker-image://docker.io/dunglas/frankenphp:php8.2.30-bookworm
800ms

library/composer:pull token for registry-1.docker.io
0ms

dunglas/frankenphp:pull token for registry-1.docker.io
0ms

install mise packages: node
1s
mise node@22.22.2 ✓ installed

mkdir -p /app/node_modules/.cache
147ms

copy package-lock.json, package.json
85ms

npm ci
3s
Run `npm audit` for details.

npm prune --omit=dev --ignore-scripts
814ms
Run `npm audit` for details.

install apt packages: ca-certificates git unzip zip
3s
Processing triggers for mailcap (3.70+nmu1) ...

copy /app/node_modules
336ms

mkdir -p /usr/local/etc/php/conf.d
99ms

mkdir -p /conf.d/
89ms

mkdir /usr/local/etc/php/conf.d
10ms

mkfile /usr/local/etc/php/conf.d/php.ini
9ms

mkfile /Caddyfile
10ms

create start container script
9ms

install-php-extensions ctype curl dom fileinfo filter hash mbstring openssl pcre pdo session tokenizer xml
216ms
### WARNING Module already installed: xml ###

copy /usr/bin/composer, composer.json, composer.lock, artisan
90ms

composer install --optimize-autoloader --no-scripts --no-interaction
241ms
Installing dependencies from lock file (including require-dev)
Verifying lock file contents can be installed on current platform.
Your lock file does not contain a compatible set of packages. Please run composer update.

  Problem 1
    - filament/support is locked to version v3.3.0 and an update of this package was not requested.
    - filament/support v3.3.0 requires ext-intl * -> it is missing from your system. Install or enable PHP's intl extension.
  Problem 2
    - openspout/openspout is locked to version v4.32.0 and an update of this package was not requested.
    - openspout/openspout v4.32.0 requires ext-zip * -> it is missing from your system. Install or enable PHP's zip extension.
  Problem 3
    - spatie/laravel-login-link is locked to version 1.6.6 and an update of this package was not requested.
    - spatie/laravel-login-link 1.6.6 requires php ^8.3 -> your php version (8.2.30) does not satisfy that requirement.
  Problem 4
    - filament/widgets is locked to version v3.3.0 and an update of this package was not requested.
    - filament/support v3.3.0 requires ext-intl * -> it is missing from your system. Install or enable PHP's intl extension.
    - filament/widgets v3.3.0 requires filament/support v3.3.0 -> satisfiable by filament/support[v3.3.0].
To enable extensions, verify that they are enabled in your .ini files:
    - /usr/local/etc/php/conf.d/docker-php-ext-opcache.ini
    - /usr/local/etc/php/conf.d/docker-php-ext-sodium.ini
    - /usr/local/etc/php/conf.d/php.ini
You can also run `php --ini` in a terminal to see which files are used by PHP in CLI mode.
Alternatively, you can run Composer with `--ignore-platform-req=ext-intl --ignore-platform-req=ext-zip` to temporarily ignore these required extensions.
ERROR: failed to build: failed to solve: process "composer install --optimize-autoloader --no-scripts --no-interaction" did not complete successfully: exit code: 2